
> nexy-lo4-exactly-once-effect-safety-fabric@0.1.0 verify
> npm run typecheck && npm run test


> nexy-lo4-exactly-once-effect-safety-fabric@0.1.0 typecheck
> tsc -p tsconfig.json --noEmit


> nexy-lo4-exactly-once-effect-safety-fabric@0.1.0 test
> npm run build && node --test concepts/*/tests/*.test.mjs integration/tests/*.test.mjs


> nexy-lo4-exactly-once-effect-safety-fabric@0.1.0 build
> tsc -p tsconfig.json

TAP version 13
# Subtest: ISC compiles stable identity independent of object key order
ok 1 - ISC compiles stable identity independent of object key order
  ---
  duration_ms: 2.299191
  type: 'test'
  ...
# Subtest: ISC rejects policy that does not bind payload when required
ok 2 - ISC rejects policy that does not bind payload when required
  ---
  duration_ms: 0.56432
  type: 'test'
  ...
# Subtest: ISC requires route and project scope
ok 3 - ISC requires route and project scope
  ---
  duration_ms: 0.135103
  type: 'test'
  ...
# Subtest: replay of same semantic payload is recognized
ok 4 - replay of same semantic payload is recognized
  ---
  duration_ms: 0.577109
  type: 'test'
  ...
# Subtest: same effect identity with different semantic payload freezes alias
ok 5 - same effect identity with different semantic payload freezes alias
  ---
  duration_ms: 0.306832
  type: 'test'
  ...
# Subtest: replay state distinguishes in-flight from retryable failure
ok 6 - replay state distinguishes in-flight from retryable failure
  ---
  duration_ms: 0.239951
  type: 'test'
  ...
# Subtest: duplicate registry identity fails closed
ok 7 - duplicate registry identity fails closed
  ---
  duration_ms: 1.134087
  type: 'test'
  ...
# Subtest: RAB computes worst-case nested retry amplification
ok 8 - RAB computes worst-case nested retry amplification
  ---
  duration_ms: 0.927927
  type: 'test'
  ...
# Subtest: RAB freezes retry when explicit safe flag is absent
ok 9 - RAB freezes retry when explicit safe flag is absent
  ---
  duration_ms: 1.605126
  type: 'test'
  ...
# Subtest: RAB freezes if worst-case effects exceed budget
ok 10 - RAB freezes if worst-case effects exceed budget
  ---
  duration_ms: 0.164127
  type: 'test'
  ...
# Subtest: RAB rejects cycles
ok 11 - RAB rejects cycles
  ---
  duration_ms: 0.343988
  type: 'test'
  ...
# Subtest: RAB rejects analysis cap explosion
ok 12 - RAB rejects analysis cap explosion
  ---
  duration_ms: 0.252891
  type: 'test'
  ...
# Subtest: LFCG allows current holder with exact fence
ok 13 - LFCG allows current holder with exact fence
  ---
  duration_ms: 1.134858
  type: 'test'
  ...
# Subtest: LFCG rejects stale worker after re-acquisition
ok 14 - LFCG rejects stale worker after re-acquisition
  ---
  duration_ms: 1.112795
  type: 'test'
  ...
# Subtest: LFCG rejects future fence and expired lease
ok 15 - LFCG rejects future fence and expired lease
  ---
  duration_ms: 0.154964
  type: 'test'
  ...
# Subtest: LFCG rejects revoked lease
ok 16 - LFCG rejects revoked lease
  ---
  duration_ms: 0.110136
  type: 'test'
  ...
# Subtest: OES enforces PREPARED -> COMMITTED -> EMITTED
ok 17 - OES enforces PREPARED -> COMMITTED -> EMITTED
  ---
  duration_ms: 2.474745
  type: 'test'
  ...
# Subtest: OES makes repeated emission idempotent
ok 18 - OES makes repeated emission idempotent
  ---
  duration_ms: 0.179019
  type: 'test'
  ...
# Subtest: OES freezes same effect id with different payload
ok 19 - OES freezes same effect id with different payload
  ---
  duration_ms: 0.13945
  type: 'test'
  ...
# Subtest: OES forbids emission before commit
ok 20 - OES forbids emission before commit
  ---
  duration_ms: 0.37212
  type: 'test'
  ...
# Subtest: OES permits cancel only before commit
ok 21 - OES permits cancel only before commit
  ---
  duration_ms: 0.187082
  type: 'test'
  ...
# Subtest: OES audit detects tampering
ok 22 - OES audit detects tampering
  ---
  duration_ms: 0.151408
  type: 'test'
  ...
# Subtest: OES reconciles exact state and refuses reuse after cancellation
ok 23 - OES reconciles exact state and refuses reuse after cancellation
  ---
  duration_ms: 0.197968
  type: 'test'
  ...
# Subtest: CCC cancels queued/running descendants and records compensation obligations
ok 24 - CCC cancels queued/running descendants and records compensation obligations
  ---
  duration_ms: 2.326041
  type: 'test'
  ...
# Subtest: CCC freezes completed external effect with no compensation
ok 25 - CCC freezes completed external effect with no compensation
  ---
  duration_ms: 0.184728
  type: 'test'
  ...
# Subtest: CCC ignores jobs outside requested subtree
ok 26 - CCC ignores jobs outside requested subtree
  ---
  duration_ms: 0.201994
  type: 'test'
  ...
# Subtest: CCC rejects unknown parent
ok 27 - CCC rejects unknown parent
  ---
  duration_ms: 0.39893
  type: 'test'
  ...
# Subtest: CCC requires compensation for materialized effect even when job FAILED
ok 28 - CCC requires compensation for materialized effect even when job FAILED
  ---
  duration_ms: 0.286912
  type: 'test'
  ...
# Subtest: CCC requires compensation for materialized effect while RUNNING
ok 29 - CCC requires compensation for materialized effect while RUNNING
  ---
  duration_ms: 0.190687
  type: 'test'
  ...
# Subtest: integration READY when all five gates pass
ok 30 - integration READY when all five gates pass
  ---
  duration_ms: 2.973726
  type: 'test'
  ...
# Subtest: integration aggregates independent blockers instead of first-error hiding
ok 31 - integration aggregates independent blockers instead of first-error hiding
  ---
  duration_ms: 2.147963
  type: 'test'
  ...
# Subtest: integration detects outbox payload conflict for same effect identity
ok 32 - integration detects outbox payload conflict for same effect identity
  ---
  duration_ms: 0.473233
  type: 'test'
  ...
# Subtest: integration suppresses a completed idempotent replay instead of re-executing effect
ok 33 - integration suppresses a completed idempotent replay instead of re-executing effect
  ---
  duration_ms: 0.453052
  type: 'test'
  ...
# Subtest: integration freezes in-flight duplicate and allows retryable duplicate only through retry gate
ok 34 - integration freezes in-flight duplicate and allows retryable duplicate only through retry gate
  ---
  duration_ms: 1.145264
  type: 'test'
  ...
# Subtest: integration suppresses replay when outbox already emitted even if registry row is absent
ok 35 - integration suppresses replay when outbox already emitted even if registry row is absent
  ---
  duration_ms: 1.718217
  type: 'test'
  ...
# Subtest: integration freezes registry/outbox state contradiction
ok 36 - integration freezes registry/outbox state contradiction
  ---
  duration_ms: 0.47805
  type: 'test'
  ...
# Subtest: integration resumes from COMMITTED outbox record without creating a second effect identity
ok 37 - integration resumes from COMMITTED outbox record without creating a second effect identity
  ---
  duration_ms: 0.325469
  type: 'test'
  ...
# Subtest: property: idempotency scope is invariant to payload key insertion order for 100 cases
ok 38 - property: idempotency scope is invariant to payload key insertion order for 100 cases
  ---
  duration_ms: 13.39276
  type: 'test'
  ...
# Subtest: property: stale fences never authorize after 500 reacquisitions
ok 39 - property: stale fences never authorize after 500 reacquisitions
  ---
  duration_ms: 0.884932
  type: 'test'
  ...
# Subtest: property: outbox repeated emit never advances original emission sequence
ok 40 - property: outbox repeated emit never advances original emission sequence
  ---
  duration_ms: 0.42514
  type: 'test'
  ...
# Subtest: property: retry calculation matches closed form for 200 shallow cases
ok 41 - property: retry calculation matches closed form for 200 shallow cases
  ---
  duration_ms: 1.418655
  type: 'test'
  ...
# Subtest: property: cancellation result is invariant to input ordering
ok 42 - property: cancellation result is invariant to input ordering
  ---
  duration_ms: 0.90351
  type: 'test'
  ...
1..42
# tests 42
# suites 0
# pass 42
# fail 0
# cancelled 0
# skipped 0
# todo 0
# duration_ms 188.787512
