00_TEMP_MEMORY.md: OK
ARCHITECTURE.md: OK
BENCHMARK_REPORT.md: OK
FINAL_AUDIT.md: OK
INTEGRATION_PROPOSAL.md: OK
MISSION.md: OK
README.md: OK
REMEDIATION_HISTORY.md: OK
REQUIREMENT_LEDGER.md: OK
THREAT_MODEL.md: OK
VERIFICATION_REPORT.md: OK
benchmarks/benchmark.py: OK
concepts/C1_CONTRACT_COMPOSITION_KERNEL/DESIGN.md: OK
concepts/C1_CONTRACT_COMPOSITION_KERNEL/EVIDENCE.md: OK
concepts/C2_EMERGENT_CAPABILITY_RISK_ANALYZER/DESIGN.md: OK
concepts/C2_EMERGENT_CAPABILITY_RISK_ANALYZER/EVIDENCE.md: OK
concepts/C3_EVIDENCE_PORTABILITY_COMPILER/DESIGN.md: OK
concepts/C3_EVIDENCE_PORTABILITY_COMPILER/EVIDENCE.md: OK
concepts/C4_CORRECTION_TO_CONSTRAINT_COMPILER/DESIGN.md: OK
concepts/C4_CORRECTION_TO_CONSTRAINT_COMPILER/EVIDENCE.md: OK
concepts/C5_FAILURE_DELTA_DISTILLER/DESIGN.md: OK
concepts/C5_FAILURE_DELTA_DISTILLER/EVIDENCE.md: OK
evidence/benchmark.json: OK
evidence/cli_examples.log: OK
evidence/determinism.json: OK
evidence/final-tests.log: OK
examples/c1-compose-pass.json: OK
examples/c2-secret-egress.json: OK
examples/c3-reverify.json: OK
examples/c4-bounded-correction.json: OK
examples/c5-distill-risk.json: OK
pyproject.toml: OK
src/nexy_aux/__init__.py: OK
src/nexy_aux/canonical.py: OK
src/nexy_aux/cli.py: OK
src/nexy_aux/composition.py: OK
src/nexy_aux/corrections.py: OK
src/nexy_aux/distiller.py: OK
src/nexy_aux/emergence.py: OK
src/nexy_aux/integration.py: OK
src/nexy_aux/portability.py: OK
tests/test_architecture.py: OK
tests/test_cli.py: OK
tests/test_composition.py: OK
tests/test_corrections.py: OK
tests/test_distiller.py: OK
tests/test_emergence.py: OK
tests/test_hardening.py: OK
tests/test_integration.py: OK
tests/test_portability.py: OK
tests/test_properties.py: OK
